
> lectrice@0.2.0 build /home/notroot/Documents/Code/personal/tauri-pdf-reader-282-vector-finishing
> tsc && vite build

vite v6.4.1 building for production...
transforming...
✓ 239 modules transformed.
rendering chunks...
computing gzip size...
dist/index.html                                                       0.46 kB │ gzip:   0.30 kB
dist/assets/space-grotesk-vietnamese-700-normal-DMty7AZE.woff2        4.20 kB
dist/assets/space-grotesk-vietnamese-500-normal-BmEvtly_.woff2        4.32 kB
dist/assets/cursor-editorTextHighlight-kG3uUOwL.svg                   5.40 kB │ gzip:   2.20 kB
dist/assets/space-grotesk-vietnamese-700-normal-Duxec5Rn.woff         5.59 kB
dist/assets/ibm-plex-mono-vietnamese-500-normal-C8zxqsMH.woff         5.62 kB
dist/assets/ibm-plex-mono-vietnamese-400-normal-DDuiU_S-.woff         5.62 kB
dist/assets/space-grotesk-vietnamese-500-normal-BTqKIpxg.woff         5.72 kB
dist/assets/ibm-plex-mono-cyrillic-ext-500-normal-BIfNGwUT.woff       5.77 kB
dist/assets/ibm-plex-mono-cyrillic-ext-400-normal-DMdlQ8Kv.woff       5.82 kB
dist/assets/ibm-plex-mono-vietnamese-400-normal-BulugwFq.woff2        5.87 kB
dist/assets/ibm-plex-mono-vietnamese-500-normal-DZ4AoWbu.woff2        6.04 kB
dist/assets/ibm-plex-sans-vietnamese-400-normal-fK1oJ5dG.woff         6.39 kB
dist/assets/ibm-plex-sans-vietnamese-600-normal-DgdngZtN.woff         6.58 kB
dist/assets/ibm-plex-sans-vietnamese-500-normal-BEb3_waV.woff         6.59 kB
dist/assets/ibm-plex-mono-cyrillic-ext-400-normal-xuaO2J-f.woff2      6.91 kB
dist/assets/ibm-plex-mono-cyrillic-ext-500-normal-BqneJy0T.woff2      6.97 kB
dist/assets/ibm-plex-mono-cyrillic-400-normal-CEL4l2ZJ.woff           7.20 kB
dist/assets/ibm-plex-mono-cyrillic-500-normal-Ael50iVv.woff           7.21 kB
dist/assets/ibm-plex-sans-vietnamese-400-normal-DG4YqDda.woff2        8.20 kB
dist/assets/ibm-plex-mono-cyrillic-400-normal-BSMlKf0J.woff2          8.36 kB
dist/assets/ibm-plex-sans-vietnamese-500-normal-e4dixQRQ.woff2        8.42 kB
dist/assets/ibm-plex-sans-vietnamese-600-normal-DpPYBSTl.woff2        8.46 kB
dist/assets/ibm-plex-mono-cyrillic-500-normal-Bq9vWWag.woff2          8.46 kB
dist/assets/ibm-plex-sans-greek-400-normal-D9ESIMu3.woff              8.76 kB
dist/assets/ibm-plex-sans-greek-500-normal-CuWXN6rf.woff              9.15 kB
dist/assets/ibm-plex-sans-greek-600-normal-D-CqTdkO.woff              9.22 kB
dist/assets/ibm-plex-sans-greek-400-normal-_efipK4i.woff2             9.94 kB
dist/assets/ibm-plex-sans-cyrillic-ext-400-normal-Dsrv2Tcn.woff      10.29 kB
dist/assets/ibm-plex-sans-greek-600-normal-DzTrcv_p.woff2            10.37 kB
dist/assets/ibm-plex-sans-greek-500-normal-JMMifIXV.woff2            10.38 kB
dist/assets/ibm-plex-sans-cyrillic-ext-500-normal-DB5PtV2g.woff      10.59 kB
dist/assets/ibm-plex-sans-cyrillic-ext-600-normal-Bz0x94Yp.woff      10.62 kB
dist/assets/ibm-plex-mono-latin-ext-400-normal-D3D2R8hC.woff         11.77 kB
dist/assets/ibm-plex-mono-latin-ext-500-normal-CZ70TYgx.woff         11.77 kB
dist/assets/space-grotesk-latin-ext-700-normal-BQnZhY3m.woff2        11.99 kB
dist/assets/ibm-plex-sans-cyrillic-ext-400-normal-g30qAdWV.woff2     12.15 kB
dist/assets/space-grotesk-latin-ext-500-normal-DUe3BAxM.woff2        12.27 kB
dist/assets/ibm-plex-sans-cyrillic-ext-600-normal-DUMzJB7m.woff2     12.30 kB
dist/assets/ibm-plex-sans-cyrillic-ext-500-normal-Cs5J6C77.woff2     12.31 kB
dist/assets/space-grotesk-latin-700-normal-RjhwGPKo.woff2            12.84 kB
dist/assets/ibm-plex-mono-latin-400-normal-CvHOgSBP.woff             13.14 kB
dist/assets/ibm-plex-mono-latin-500-normal-CB9ihrfo.woff             13.16 kB
dist/assets/space-grotesk-latin-500-normal-lFbtlQH6.woff2            13.31 kB
dist/assets/ibm-plex-mono-latin-ext-400-normal-BmRBH3aV.woff2        13.35 kB
dist/assets/ibm-plex-mono-latin-ext-500-normal-CAhNIIs5.woff2        13.43 kB
dist/assets/ibm-plex-sans-cyrillic-400-normal-BTotfTJu.woff          13.51 kB
dist/assets/ibm-plex-sans-cyrillic-500-normal-ByOcLdNv.woff          13.86 kB
dist/assets/ibm-plex-sans-cyrillic-600-normal-BGq0mW3O.woff          13.89 kB
dist/assets/ibm-plex-sans-latin-ext-400-normal-RBey6euL.woff         14.36 kB
dist/assets/ibm-plex-mono-latin-400-normal-DMJ8VG8y.woff2            14.71 kB
dist/assets/ibm-plex-sans-latin-ext-500-normal-D0aIdm-b.woff         14.74 kB
dist/assets/ibm-plex-sans-latin-ext-600-normal-DIrixKbi.woff         14.77 kB
dist/assets/ibm-plex-sans-cyrillic-400-normal-DZqxrq2p.woff2         14.80 kB
dist/assets/ibm-plex-mono-latin-500-normal-DSY6xOcd.woff2            14.89 kB
dist/assets/ibm-plex-sans-cyrillic-500-normal-CocWQlwt.woff2         15.00 kB
dist/assets/ibm-plex-sans-cyrillic-600-normal-71GNu3SW.woff2         15.04 kB
dist/assets/ibm-plex-sans-latin-ext-400-normal-C5H60-Va.woff2        15.98 kB
dist/assets/space-grotesk-latin-700-normal-CwsQ-cCU.woff             16.42 kB
dist/assets/ibm-plex-sans-latin-ext-600-normal-DOrvGEcy.woff2        16.45 kB
dist/assets/ibm-plex-sans-latin-ext-500-normal-DakdToA3.woff2        16.46 kB
dist/assets/space-grotesk-latin-ext-700-normal-HVCqSBdx.woff         16.46 kB
dist/assets/space-grotesk-latin-ext-500-normal-3dgZTiw9.woff         16.79 kB
dist/assets/space-grotesk-latin-500-normal-CNSSEhBt.woff             16.99 kB
dist/assets/ibm-plex-sans-latin-400-normal-CYLoc0-x.woff             22.10 kB
dist/assets/ibm-plex-sans-latin-400-normal-CDDApCn2.woff2            22.59 kB
dist/assets/ibm-plex-sans-latin-600-normal-Cu4Hd6ag.woff             23.88 kB
dist/assets/ibm-plex-sans-latin-500-normal-BgVn5rGT.woff             23.92 kB
dist/assets/ibm-plex-sans-latin-500-normal-6ng42L7E.woff2            24.18 kB
dist/assets/ibm-plex-sans-latin-600-normal-CuJfVYMP.woff2            24.25 kB
dist/assets/pdf.worker.min-yatZIOMy.mjs                           1,375.84 kB
dist/assets/index-uPzXTnyg.css                                      244.23 kB │ gzip:  42.82 kB
dist/assets/index-DBOGkLkH.js                                         1.07 kB │ gzip:   0.58 kB
dist/assets/index-BiFDAL9E.js                                       850.07 kB │ gzip: 248.42 kB

(!) Some chunks are larger than 500 kB after minification. Consider:
- Using dynamic import() to code-split the application
- Use build.rollupOptions.output.manualChunks to improve chunking: https://rollupjs.org/configuration-options/#output-manualchunks
- Adjust chunk size limit for this warning via build.chunkSizeWarningLimit.
✓ built in 6.13s
