
> lectrice@0.2.0 test:e2e:native /home/notroot/Documents/Code/personal/tauri-pdf-reader-282-vector-finishing
> bash scripts/e2e-native.sh

==> Building frontend (VITE_E2E_NATIVE=true)

> lectrice@0.2.0 build /home/notroot/Documents/Code/personal/tauri-pdf-reader-282-vector-finishing
> tsc && vite build

[36mvite v6.4.1 [32mbuilding for production...[36m[39m
transforming...
[32m✓[39m 239 modules transformed.
rendering chunks...
computing gzip size...
[2mdist/[22m[32mindex.html                                                   [39m[1m[2m    0.46 kB[22m[1m[22m[2m │ gzip:   0.30 kB[22m
[2mdist/[22m[2massets/[22m[32mspace-grotesk-vietnamese-700-normal-DMty7AZE.woff2    [39m[1m[2m    4.20 kB[22m[1m[22m
[2mdist/[22m[2massets/[22m[32mspace-grotesk-vietnamese-500-normal-BmEvtly_.woff2    [39m[1m[2m    4.32 kB[22m[1m[22m
[2mdist/[22m[2massets/[22m[32mcursor-editorTextHighlight-kG3uUOwL.svg               [39m[1m[2m    5.40 kB[22m[1m[22m[2m │ gzip:   2.20 kB[22m
[2mdist/[22m[2massets/[22m[32mspace-grotesk-vietnamese-700-normal-Duxec5Rn.woff     [39m[1m[2m    5.59 kB[22m[1m[22m
[2mdist/[22m[2massets/[22m[32mibm-plex-mono-vietnamese-500-normal-C8zxqsMH.woff     [39m[1m[2m    5.62 kB[22m[1m[22m
[2mdist/[22m[2massets/[22m[32mibm-plex-mono-vietnamese-400-normal-DDuiU_S-.woff     [39m[1m[2m    5.62 kB[22m[1m[22m
[2mdist/[22m[2massets/[22m[32mspace-grotesk-vietnamese-500-normal-BTqKIpxg.woff     [39m[1m[2m    5.72 kB[22m[1m[22m
[2mdist/[22m[2massets/[22m[32mibm-plex-mono-cyrillic-ext-500-normal-BIfNGwUT.woff   [39m[1m[2m    5.77 kB[22m[1m[22m
[2mdist/[22m[2massets/[22m[32mibm-plex-mono-cyrillic-ext-400-normal-DMdlQ8Kv.woff   [39m[1m[2m    5.82 kB[22m[1m[22m
[2mdist/[22m[2massets/[22m[32mibm-plex-mono-vietnamese-400-normal-BulugwFq.woff2    [39m[1m[2m    5.87 kB[22m[1m[22m
[2mdist/[22m[2massets/[22m[32mibm-plex-mono-vietnamese-500-normal-DZ4AoWbu.woff2    [39m[1m[2m    6.04 kB[22m[1m[22m
[2mdist/[22m[2massets/[22m[32mibm-plex-sans-vietnamese-400-normal-fK1oJ5dG.woff     [39m[1m[2m    6.39 kB[22m[1m[22m
[2mdist/[22m[2massets/[22m[32mibm-plex-sans-vietnamese-600-normal-DgdngZtN.woff     [39m[1m[2m    6.58 kB[22m[1m[22m
[2mdist/[22m[2massets/[22m[32mibm-plex-sans-vietnamese-500-normal-BEb3_waV.woff     [39m[1m[2m    6.59 kB[22m[1m[22m
[2mdist/[22m[2massets/[22m[32mibm-plex-mono-cyrillic-ext-400-normal-xuaO2J-f.woff2  [39m[1m[2m    6.91 kB[22m[1m[22m
[2mdist/[22m[2massets/[22m[32mibm-plex-mono-cyrillic-ext-500-normal-BqneJy0T.woff2  [39m[1m[2m    6.97 kB[22m[1m[22m
[2mdist/[22m[2massets/[22m[32mibm-plex-mono-cyrillic-400-normal-CEL4l2ZJ.woff       [39m[1m[2m    7.20 kB[22m[1m[22m
[2mdist/[22m[2massets/[22m[32mibm-plex-mono-cyrillic-500-normal-Ael50iVv.woff       [39m[1m[2m    7.21 kB[22m[1m[22m
[2mdist/[22m[2massets/[22m[32mibm-plex-sans-vietnamese-400-normal-DG4YqDda.woff2    [39m[1m[2m    8.20 kB[22m[1m[22m
[2mdist/[22m[2massets/[22m[32mibm-plex-mono-cyrillic-400-normal-BSMlKf0J.woff2      [39m[1m[2m    8.36 kB[22m[1m[22m
[2mdist/[22m[2massets/[22m[32mibm-plex-sans-vietnamese-500-normal-e4dixQRQ.woff2    [39m[1m[2m    8.42 kB[22m[1m[22m
[2mdist/[22m[2massets/[22m[32mibm-plex-sans-vietnamese-600-normal-DpPYBSTl.woff2    [39m[1m[2m    8.46 kB[22m[1m[22m
[2mdist/[22m[2massets/[22m[32mibm-plex-mono-cyrillic-500-normal-Bq9vWWag.woff2      [39m[1m[2m    8.46 kB[22m[1m[22m
[2mdist/[22m[2massets/[22m[32mibm-plex-sans-greek-400-normal-D9ESIMu3.woff          [39m[1m[2m    8.76 kB[22m[1m[22m
[2mdist/[22m[2massets/[22m[32mibm-plex-sans-greek-500-normal-CuWXN6rf.woff          [39m[1m[2m    9.15 kB[22m[1m[22m
[2mdist/[22m[2massets/[22m[32mibm-plex-sans-greek-600-normal-D-CqTdkO.woff          [39m[1m[2m    9.22 kB[22m[1m[22m
[2mdist/[22m[2massets/[22m[32mibm-plex-sans-greek-400-normal-_efipK4i.woff2         [39m[1m[2m    9.94 kB[22m[1m[22m
[2mdist/[22m[2massets/[22m[32mibm-plex-sans-cyrillic-ext-400-normal-Dsrv2Tcn.woff   [39m[1m[2m   10.29 kB[22m[1m[22m
[2mdist/[22m[2massets/[22m[32mibm-plex-sans-greek-600-normal-DzTrcv_p.woff2         [39m[1m[2m   10.37 kB[22m[1m[22m
[2mdist/[22m[2massets/[22m[32mibm-plex-sans-greek-500-normal-JMMifIXV.woff2         [39m[1m[2m   10.38 kB[22m[1m[22m
[2mdist/[22m[2massets/[22m[32mibm-plex-sans-cyrillic-ext-500-normal-DB5PtV2g.woff   [39m[1m[2m   10.59 kB[22m[1m[22m
[2mdist/[22m[2massets/[22m[32mibm-plex-sans-cyrillic-ext-600-normal-Bz0x94Yp.woff   [39m[1m[2m   10.62 kB[22m[1m[22m
[2mdist/[22m[2massets/[22m[32mibm-plex-mono-latin-ext-400-normal-D3D2R8hC.woff      [39m[1m[2m   11.77 kB[22m[1m[22m
[2mdist/[22m[2massets/[22m[32mibm-plex-mono-latin-ext-500-normal-CZ70TYgx.woff      [39m[1m[2m   11.77 kB[22m[1m[22m
[2mdist/[22m[2massets/[22m[32mspace-grotesk-latin-ext-700-normal-BQnZhY3m.woff2     [39m[1m[2m   11.99 kB[22m[1m[22m
[2mdist/[22m[2massets/[22m[32mibm-plex-sans-cyrillic-ext-400-normal-g30qAdWV.woff2  [39m[1m[2m   12.15 kB[22m[1m[22m
[2mdist/[22m[2massets/[22m[32mspace-grotesk-latin-ext-500-normal-DUe3BAxM.woff2     [39m[1m[2m   12.27 kB[22m[1m[22m
[2mdist/[22m[2massets/[22m[32mibm-plex-sans-cyrillic-ext-600-normal-DUMzJB7m.woff2  [39m[1m[2m   12.30 kB[22m[1m[22m
[2mdist/[22m[2massets/[22m[32mibm-plex-sans-cyrillic-ext-500-normal-Cs5J6C77.woff2  [39m[1m[2m   12.31 kB[22m[1m[22m
[2mdist/[22m[2massets/[22m[32mspace-grotesk-latin-700-normal-RjhwGPKo.woff2         [39m[1m[2m   12.84 kB[22m[1m[22m
[2mdist/[22m[2massets/[22m[32mibm-plex-mono-latin-400-normal-CvHOgSBP.woff          [39m[1m[2m   13.14 kB[22m[1m[22m
[2mdist/[22m[2massets/[22m[32mibm-plex-mono-latin-500-normal-CB9ihrfo.woff          [39m[1m[2m   13.16 kB[22m[1m[22m
[2mdist/[22m[2massets/[22m[32mspace-grotesk-latin-500-normal-lFbtlQH6.woff2         [39m[1m[2m   13.31 kB[22m[1m[22m
[2mdist/[22m[2massets/[22m[32mibm-plex-mono-latin-ext-400-normal-BmRBH3aV.woff2     [39m[1m[2m   13.35 kB[22m[1m[22m
[2mdist/[22m[2massets/[22m[32mibm-plex-mono-latin-ext-500-normal-CAhNIIs5.woff2     [39m[1m[2m   13.43 kB[22m[1m[22m
[2mdist/[22m[2massets/[22m[32mibm-plex-sans-cyrillic-400-normal-BTotfTJu.woff       [39m[1m[2m   13.51 kB[22m[1m[22m
[2mdist/[22m[2massets/[22m[32mibm-plex-sans-cyrillic-500-normal-ByOcLdNv.woff       [39m[1m[2m   13.86 kB[22m[1m[22m
[2mdist/[22m[2massets/[22m[32mibm-plex-sans-cyrillic-600-normal-BGq0mW3O.woff       [39m[1m[2m   13.89 kB[22m[1m[22m
[2mdist/[22m[2massets/[22m[32mibm-plex-sans-latin-ext-400-normal-RBey6euL.woff      [39m[1m[2m   14.36 kB[22m[1m[22m
[2mdist/[22m[2massets/[22m[32mibm-plex-mono-latin-400-normal-DMJ8VG8y.woff2         [39m[1m[2m   14.71 kB[22m[1m[22m
[2mdist/[22m[2massets/[22m[32mibm-plex-sans-latin-ext-500-normal-D0aIdm-b.woff      [39m[1m[2m   14.74 kB[22m[1m[22m
[2mdist/[22m[2massets/[22m[32mibm-plex-sans-latin-ext-600-normal-DIrixKbi.woff      [39m[1m[2m   14.77 kB[22m[1m[22m
[2mdist/[22m[2massets/[22m[32mibm-plex-sans-cyrillic-400-normal-DZqxrq2p.woff2      [39m[1m[2m   14.80 kB[22m[1m[22m
[2mdist/[22m[2massets/[22m[32mibm-plex-mono-latin-500-normal-DSY6xOcd.woff2         [39m[1m[2m   14.89 kB[22m[1m[22m
[2mdist/[22m[2massets/[22m[32mibm-plex-sans-cyrillic-500-normal-CocWQlwt.woff2      [39m[1m[2m   15.00 kB[22m[1m[22m
[2mdist/[22m[2massets/[22m[32mibm-plex-sans-cyrillic-600-normal-71GNu3SW.woff2      [39m[1m[2m   15.04 kB[22m[1m[22m
[2mdist/[22m[2massets/[22m[32mibm-plex-sans-latin-ext-400-normal-C5H60-Va.woff2     [39m[1m[2m   15.98 kB[22m[1m[22m
[2mdist/[22m[2massets/[22m[32mspace-grotesk-latin-700-normal-CwsQ-cCU.woff          [39m[1m[2m   16.42 kB[22m[1m[22m
[2mdist/[22m[2massets/[22m[32mibm-plex-sans-latin-ext-600-normal-DOrvGEcy.woff2     [39m[1m[2m   16.45 kB[22m[1m[22m
[2mdist/[22m[2massets/[22m[32mibm-plex-sans-latin-ext-500-normal-DakdToA3.woff2     [39m[1m[2m   16.46 kB[22m[1m[22m
[2mdist/[22m[2massets/[22m[32mspace-grotesk-latin-ext-700-normal-HVCqSBdx.woff      [39m[1m[2m   16.46 kB[22m[1m[22m
[2mdist/[22m[2massets/[22m[32mspace-grotesk-latin-ext-500-normal-3dgZTiw9.woff      [39m[1m[2m   16.79 kB[22m[1m[22m
[2mdist/[22m[2massets/[22m[32mspace-grotesk-latin-500-normal-CNSSEhBt.woff          [39m[1m[2m   16.99 kB[22m[1m[22m
[2mdist/[22m[2massets/[22m[32mibm-plex-sans-latin-400-normal-CYLoc0-x.woff          [39m[1m[2m   22.10 kB[22m[1m[22m
[2mdist/[22m[2massets/[22m[32mibm-plex-sans-latin-400-normal-CDDApCn2.woff2         [39m[1m[2m   22.59 kB[22m[1m[22m
[2mdist/[22m[2massets/[22m[32mibm-plex-sans-latin-600-normal-Cu4Hd6ag.woff          [39m[1m[2m   23.88 kB[22m[1m[22m
[2mdist/[22m[2massets/[22m[32mibm-plex-sans-latin-500-normal-BgVn5rGT.woff          [39m[1m[2m   23.92 kB[22m[1m[22m
[2mdist/[22m[2massets/[22m[32mibm-plex-sans-latin-500-normal-6ng42L7E.woff2         [39m[1m[2m   24.18 kB[22m[1m[22m
[2mdist/[22m[2massets/[22m[32mibm-plex-sans-latin-600-normal-CuJfVYMP.woff2         [39m[1m[2m   24.25 kB[22m[1m[22m
[2mdist/[22m[2massets/[22m[32mpdf.worker.min-yatZIOMy.mjs                           [39m[1m[2m1,375.84 kB[22m[1m[22m
[2mdist/[22m[2massets/[22m[35mindex-uPzXTnyg.css                                    [39m[1m[2m  244.23 kB[22m[1m[22m[2m │ gzip:  42.82 kB[22m
[2mdist/[22m[2massets/[22m[36mindex-BfwVPJvx.js                                     [39m[1m[2m    1.07 kB[22m[1m[22m[2m │ gzip:   0.58 kB[22m
[2mdist/[22m[2massets/[22m[36me2e-native-bootstrap-Cylq23JO.js                      [39m[1m[2m    2.53 kB[22m[1m[22m[2m │ gzip:   1.22 kB[22m
[2mdist/[22m[2massets/[22m[36mindex-UpQOk-jg.js                                     [39m[1m[33m  850.36 kB[39m[22m[2m │ gzip: 248.55 kB[22m
[33m
(!) Some chunks are larger than 500 kB after minification. Consider:
- Using dynamic import() to code-split the application
- Use build.rollupOptions.output.manualChunks to improve chunking: https://rollupjs.org/configuration-options/#output-manualchunks
- Adjust chunk size limit for this warning via build.chunkSizeWarningLimit.[39m
[32m✓ built in 26.37s[39m
==> Building debug binary (--features e2e-tts-fixture) + running E2E under Xvfb
warning: Git tree '/home/notroot/Documents/Code/personal/tauri-pdf-reader-282-vector-finishing' is dirty
   Compiling proc-macro2 v1.0.105
   Compiling unicode-ident v1.0.22
   Compiling quote v1.0.43
   Compiling syn v2.0.114
   Compiling libc v0.2.180
   Compiling serde v1.0.228
   Compiling serde_derive v1.0.228
   Compiling serde_core v1.0.228
   Compiling cfg-if v1.0.4
   Compiling smallvec v1.15.1
   Compiling equivalent v1.0.2
   Compiling hashbrown v0.16.1
   Compiling pkg-config v0.3.32
   Compiling indexmap v2.13.0
   Compiling memchr v2.7.6
   Compiling heck v0.5.0
   Compiling winnow v0.5.40
   Compiling toml_datetime v0.6.3
   Compiling serde_spanned v0.6.9
   Compiling toml_edit v0.20.2
   Compiling target-lexicon v0.12.16
   Compiling cfg-expr v0.15.8
   Compiling toml v0.8.2
   Compiling version-compare v0.2.1
   Compiling system-deps v6.2.2
   Compiling synstructure v0.13.2
   Compiling zerofrom-derive v0.1.6
   Compiling zerofrom v0.1.6
   Compiling yoke-derive v0.8.1
   Compiling zerovec-derive v0.11.2
   Compiling displaydoc v0.2.5
   Compiling itoa v1.0.17
   Compiling zerocopy v0.8.33
   Compiling pin-project-lite v0.2.16
   Compiling litemap v0.8.1
   Compiling writeable v0.6.2
   Compiling syn v1.0.109
   Compiling futures-core v0.3.31
   Compiling autocfg v1.5.0
   Compiling ppv-lite86 v0.2.21
   Compiling version_check v0.9.5
   Compiling bytes v1.11.0
   Compiling once_cell v1.21.3
   Compiling thiserror v1.0.69
   Compiling icu_normalizer_data v2.1.1
   Compiling icu_properties_data v2.1.2
   Compiling thiserror-impl v1.0.69
   Compiling stable_deref_trait v1.2.1
   Compiling percent-encoding v2.3.2
   Compiling getrandom v0.2.17
   Compiling zmij v1.0.13
   Compiling rand_core v0.6.4
   Compiling scopeguard v1.2.0
   Compiling lock_api v0.4.14
   Compiling rand_chacha v0.3.1
   Compiling parking_lot_core v0.9.12
   Compiling rand v0.8.5
   Compiling form_urlencoded v1.2.2
   Compiling yoke v0.8.1
   Compiling utf8_iter v1.0.4
   Compiling pin-utils v0.1.0
   Compiling shlex v1.3.0
   Compiling zerovec v0.11.5
   Compiling futures-io v0.3.31
   Compiling siphasher v1.0.1
   Compiling futures-task v0.3.31
   Compiling slab v0.4.11
   Compiling find-msvc-tools v0.1.7
   Compiling cc v1.2.52
   Compiling glib-sys v0.18.1
   Compiling phf_shared v0.11.3
   Compiling futures-sink v0.3.31
   Compiling bitflags v1.3.2
   Compiling byteorder v1.5.0
   Compiling regex-syntax v0.8.8
   Compiling thiserror v2.0.17
   Compiling getrandom v0.3.4
   Compiling tinystr v0.8.2
   Compiling gobject-sys v0.18.0
   Compiling semver v1.0.27
   Compiling thiserror-impl v2.0.17
   Compiling log v0.4.29
   Compiling icu_locale_core v2.1.1
   Compiling phf_generator v0.11.3
   Compiling potential_utf v0.1.4
   Compiling zerotrie v0.2.3
   Compiling siphasher v0.3.11
   Compiling fnv v1.0.7
   Compiling icu_provider v2.1.1
   Compiling icu_collections v2.1.1
   Compiling futures-channel v0.3.31
   Compiling getrandom v0.1.16
   Compiling http v1.4.0
   Compiling bitflags v2.10.0
   Compiling futures-macro v0.3.31
   Compiling glob v0.3.3
   Compiling serde_json v1.0.149
   Compiling futures-util v0.3.31
   Compiling parking_lot v0.12.5
   Compiling icu_normalizer v2.1.1
   Compiling icu_properties v2.1.2
   Compiling gio-sys v0.18.1
   Compiling idna_adapter v1.2.1
   Compiling rand_core v0.5.1
   Compiling typeid v1.0.3
   Compiling strsim v0.11.1
   Compiling ident_case v1.0.1
   Compiling winnow v0.7.14
   Compiling toml_parser v1.0.6+spec-1.1.0
   Compiling darling_core v0.21.3
   Compiling idna v1.1.0
   Compiling phf_macros v0.11.3
   Compiling toml_writer v1.0.6+spec-1.1.0
   Compiling erased-serde v0.4.9
   Compiling url v2.5.8
   Compiling darling_macro v0.21.3
   Compiling rand_pcg v0.2.1
   Compiling rand_chacha v0.2.2
   Compiling phf_shared v0.8.0
   Compiling aho-corasick v1.1.4
   Compiling unic-char-range v0.9.0
   Compiling proc-macro-hack v0.5.20+deprecated
   Compiling unic-common v0.9.0
   Compiling unic-ucd-version v0.9.0
   Compiling unic-char-property v0.9.0
   Compiling regex-automata v0.4.13
   Compiling rand v0.7.3
   Compiling darling v0.21.3
   Compiling phf_shared v0.10.0
   Compiling alloc-no-stdlib v2.0.4
   Compiling new_debug_unreachable v1.0.6
   Compiling alloc-stdlib v0.2.2
   Compiling phf_generator v0.10.0
   Compiling serde_with_macros v3.16.1
   Compiling phf_generator v0.8.0
   Compiling regex v1.12.2
   Compiling unic-ucd-ident v0.9.0
   Compiling phf_codegen v0.11.3
   Compiling string_cache_codegen v0.5.4
   Compiling proc-macro-error-attr v1.0.4
   Compiling gdk-sys v0.18.2
   Compiling anyhow v1.0.100
   Compiling mac v0.1.1
   Compiling precomputed-hash v0.1.1
   Compiling futf v0.1.5
   Compiling markup5ever v0.14.1
   Compiling phf_macros v0.10.0
   Compiling phf_codegen v0.8.0
   Compiling brotli-decompressor v5.0.0
   Compiling rustc_version v0.4.1
   Compiling proc-macro-error v1.0.4
   Compiling cssparser v0.29.6
   Compiling toml_datetime v0.7.5+spec-1.1.0
   Compiling serde_spanned v1.0.4
   Compiling dunce v1.0.5
   Compiling same-file v1.0.6
   Compiling dtoa v1.0.11
   Compiling utf-8 v0.7.6
   Compiling tendril v0.4.3
   Compiling dtoa-short v0.3.5
   Compiling walkdir v2.5.0
   Compiling toml v0.9.11+spec-1.1.0
   Compiling brotli v8.0.2
   Compiling selectors v0.24.0
   Compiling phf v0.10.1
   Compiling string_cache v0.8.9
   Compiling phf v0.11.3
   Compiling futures-executor v0.3.31
   Compiling uuid v1.19.0
   Compiling indexmap v1.9.3
   Compiling ctor v0.2.9
   Compiling cssparser-macros v0.6.1
   Compiling camino v1.2.2
   Compiling nodrop v0.1.14
   Compiling convert_case v0.4.0
   Compiling matches v0.1.10
   Compiling derive_more v0.99.20
   Compiling servo_arc v0.2.0
   Compiling phf v0.8.0
   Compiling fxhash v0.2.1
   Compiling mio v1.1.1
   Compiling socket2 v0.6.1
   Compiling match_token v0.1.0
   Compiling serde_derive_internals v0.29.1
   Compiling schemars v0.8.22
   Compiling hashbrown v0.12.3
   Compiling schemars_derive v0.8.22
   Compiling html5ever v0.29.1
   Compiling cfb v0.7.3
   Compiling jsonptr v0.6.3
   Compiling pango-sys v0.18.0
   Compiling atk-sys v0.18.2
   Compiling gdk-pixbuf-sys v0.18.0
   Compiling cairo-sys-rs v0.18.2
   Compiling proc-macro-crate v2.0.2
   Compiling cargo-platform v0.1.9
   Compiling heck v0.4.1
   Compiling dyn-clone v1.0.20
   Compiling glib-macros v0.18.5
   Compiling cargo_metadata v0.19.2
   Compiling json-patch v3.0.1
   Compiling serde-untagged v0.1.9
   Compiling infer v0.19.0
   Compiling kuchikiki v0.8.8-speedreader
   Compiling urlpattern v0.3.0
   Compiling serde_with v3.16.1
   Compiling tauri-utils v2.8.1
   Compiling glib v0.18.5
   Compiling typenum v1.19.0
   Compiling crossbeam-utils v0.8.21
   Compiling generic-array v0.14.7
   Compiling gtk-sys v0.18.2
   Compiling gio v0.18.4
   Compiling tokio-macros v2.6.0
   Compiling num-conv v0.1.0
   Compiling powerfmt v0.2.0
   Compiling option-ext v0.2.0
   Compiling time-core v0.1.6
   Compiling time-macros v0.2.24
   Compiling dirs-sys v0.5.0
   Compiling deranged v0.5.5
   Compiling tokio v1.49.0
   Compiling num-traits v0.2.19
   Compiling vcpkg v0.2.15
   Compiling base64 v0.22.1
   Compiling time v0.3.44
   Compiling dirs v6.0.0
   Compiling block-buffer v0.10.4
   Compiling crypto-common v0.1.7
   Compiling digest v0.10.7
   Compiling embed-resource v3.0.6
   Compiling memoffset v0.9.1
   Compiling cpufeatures v0.2.17
   Compiling sha2 v0.10.9
   Compiling tauri-winres v0.3.5
   Compiling gdk-pixbuf v0.18.5
   Compiling pango v0.18.3
   Compiling cairo-rs v0.18.5
   Compiling cargo_toml v0.22.3
   Compiling field-offset v0.3.6
   Compiling toml_edit v0.19.15
   Compiling crc32fast v1.5.0
   Compiling adler2 v2.0.1
   Compiling lazy_static v1.5.0
   Compiling proc-macro-crate v1.3.1
   Compiling tauri-build v2.5.3
   Compiling gdk v0.18.2
   Compiling soup3-sys v0.5.0
   Compiling javascriptcore-rs-sys v1.1.1
   Compiling gtk v0.18.2
   Compiling gtk3-macros v0.18.2
   Compiling atk v0.18.2
   Compiling tauri-plugin v2.5.2
   Compiling webkit2gtk-sys v2.0.1
   Compiling x11 v2.21.0
   Compiling tracing-attributes v0.1.31
   Compiling simd-adler32 v0.3.8
   Compiling tauri v2.9.5
   Compiling gdkx11-sys v0.18.2
   Compiling miniz_oxide v0.8.9
   Compiling dpi v0.1.2
   Compiling cookie v0.18.1
   Compiling x11-dl v2.21.0
   Compiling paste v1.0.15
   Compiling raw-window-handle v0.6.2
   Compiling dasp_sample v0.11.0
   Compiling flate2 v1.1.5
   Compiling javascriptcore-rs v1.1.2
   Compiling soup3 v0.5.0
   Compiling fdeflate v0.3.7
   Compiling either v1.15.0
   Compiling iana-time-zone v0.1.64
   Compiling Inflector v0.11.4
   Compiling specta-macros v2.0.0-rc.17
   Compiling chrono v0.4.42
   Compiling png v0.17.16
   Compiling webkit2gtk v2.0.1
   Compiling crossbeam-channel v0.5.15
   Compiling openssl-src v300.5.4+3.5.4
   Compiling tracing-core v0.1.36
   Compiling dlopen2_derive v0.4.3
   Compiling foldhash v0.1.5
   Compiling wry v0.53.5
   Compiling allocator-api2 v0.2.21
   Compiling tauri-runtime v2.9.2
   Compiling hashbrown v0.15.5
   Compiling dlopen2 v0.8.2
   Compiling openssl-sys v0.9.111
   Compiling specta v2.0.0-rc.20
   Compiling ico v0.4.0
   Compiling gdkx11 v0.18.2
   Compiling gdkwayland-sys v0.18.2
   Compiling concurrent-queue v2.5.0
   Compiling crc-catalog v2.4.0
   Compiling parking v2.2.1
   Compiling ryu v1.0.22
   Compiling tauri-runtime-wry v2.9.3
   Compiling unicode-segmentation v1.12.0
   Compiling keyboard-types v0.7.0
   Compiling event-listener v5.4.1
   Compiling crc v3.4.0
   Compiling tao v0.34.5
   Compiling tauri-codegen v2.5.2
   Compiling hashlink v0.10.0
   Compiling tracing v0.1.44
   Compiling dasp_frame v0.11.0
   Compiling libsqlite3-sys v0.30.1
   Compiling crossbeam-queue v0.3.12
   Compiling spin v0.9.8
   Compiling serialize-to-javascript-impl v0.1.2
   Compiling serialize-to-javascript v0.1.2
   Compiling tauri-macros v2.5.2
   Compiling muda v0.17.1
   Compiling clang-sys v1.8.1
   Compiling serde_repr v0.1.20
   Compiling mime v0.3.17
   Compiling http-range v0.1.5
   Compiling prettyplease v0.2.37
   Compiling tokio-stream v0.1.18
   Compiling tauri-plugin-fs v2.4.5
   Compiling atoi v2.0.0
   Compiling futures-intrusive v0.5.0
   Compiling http-body v1.0.1
   Compiling minimal-lexical v0.2.1
   Compiling foreign-types-shared v0.1.1
   Compiling openssl v0.10.75
   Compiling httparse v1.10.1
   Compiling dasp_ring_buffer v0.11.0
   Compiling foreign-types v0.3.2
   Compiling nom v7.1.3
   Compiling sqlx-core v0.8.6
   Compiling flume v0.11.1
   Compiling serde_urlencoded v0.7.1
   Compiling alsa-sys v0.3.1
   Compiling libloading v0.8.9
   Compiling encoding_rs v0.8.35
   Compiling errno v0.3.14
   Compiling openssl-macros v0.1.1
   Compiling native-tls v0.2.14
   Compiling bindgen v0.70.1
   Compiling try-lock v0.2.5
   Compiling bytemuck v1.24.0
   Compiling arrayvec v0.7.6
   Compiling signal-hook v0.3.18
   Compiling tower-service v0.3.3
   Compiling symphonia-core v0.5.5
   Compiling want v0.3.1
   Compiling signal-hook-registry v1.4.8
   Compiling sqlx-sqlite v0.8.6
   Compiling cexpr v0.6.0
   Compiling dasp_rms v0.11.0
   Compiling dasp_peak v0.11.0
   Compiling itertools v0.13.0
   Compiling atomic-waker v1.1.2
   Compiling dotenvy v0.15.7
   Compiling rustc-hash v1.1.0
   Compiling openssl-probe v0.1.6
   Compiling hex v0.4.3
   Compiling sqlx-macros-core v0.8.6
   Compiling hyper v1.8.1
   Compiling dasp_envelope v0.11.0
   Compiling symphonia-metadata v0.5.5
   Compiling dasp_interpolate v0.11.0
   Compiling dasp_window v0.11.1
   Compiling tauri-plugin-dialog v2.5.0
   Compiling tauri-plugin-sql v2.3.1
   Compiling tauri-plugin-shell v2.3.4
   Compiling is-docker v0.2.0
   Compiling sync_wrapper v1.0.2
   Compiling os_pipe v1.2.3
   Compiling cpal v0.15.3
   Compiling ipnet v2.11.0
   Compiling tower-layer v0.3.3
   Compiling rfd v0.16.0
   Compiling tinyvec_macros v0.1.1
   Compiling tinyvec v1.10.0
   Compiling tower v0.5.2
   Compiling hyper-util v0.1.19
   Compiling sigchld v0.2.4
   Compiling is-wsl v0.4.0
   Compiling dasp_signal v0.11.0
   Compiling symphonia-bundle-mp3 v0.5.5
   Compiling alsa v0.9.1
   Compiling tokio-native-tls v0.3.1
   Compiling signalsmith-stretch v0.1.3
   Compiling sqlx-macros v0.8.6
   Compiling http-body-util v0.1.3
   Compiling dasp_slice v0.11.0
   Compiling specta-serde v0.0.7
   Compiling ogg v0.8.0
   Compiling pathdiff v0.2.3
   Compiling iri-string v0.7.10
   Compiling zeroize v1.8.2
   Compiling rustls-pki-types v1.13.2
   Compiling tower-http v0.6.8
   Compiling open v5.3.3
   Compiling lewton v0.10.2
   Compiling specta-typescript v0.0.7
   Compiling dasp v0.11.0
   Compiling hyper-tls v0.6.0
   Compiling sqlx v0.8.6
   Compiling symphonia v0.5.5
   Compiling shared_child v1.1.1
   Compiling tracing-log v0.2.0
   Compiling matchers v0.2.0
   Compiling tauri-pdf-reader v0.2.0 (/home/notroot/Documents/Code/personal/tauri-pdf-reader-282-vector-finishing/src-tauri)
   Compiling sharded-slab v0.1.7
   Compiling tokio-util v0.7.18
   Compiling bincode v1.3.3
   Compiling thread_local v1.1.9
   Compiling hound v3.5.1
   Compiling nu-ansi-term v0.50.3
   Compiling claxon v0.4.3
   Compiling rodio v0.20.1
   Compiling tracing-subscriber v0.3.22
   Compiling tauri-plugin-persisted-scope v2.3.5
   Compiling reqwest v0.12.28
   Compiling id3 v1.16.4
   Compiling tauri-specta v2.0.0-rc.20
   Compiling futures v0.3.31
   Compiling serde_ignored v0.1.14
   Compiling async-trait v0.1.89
warning: struct `PreparedTtsWithTimings` is never constructed
   --> src/ai_tts/mod.rs:267:12
    |
267 | pub struct PreparedTtsWithTimings {
    |            ^^^^^^^^^^^^^^^^^^^^^^
    |
    = note: `#[warn(dead_code)]` (part of `#[warn(unused)]`) on by default

warning: methods `init`, `install_groq`, `speak_with_timestamps`, and `play_audio` are never used
   --> src/ai_tts/mod.rs:332:18
    |
285 | impl AiTtsEngine {
    | ---------------- methods in this implementation
...
332 |     pub async fn init(&self, api_key: String) -> Result<(), String> {
    |                  ^^^^
...
352 |     pub async fn install_groq(&self, client: crate::adapters::GroqTtsClient) -> Result<(), String> {
    |                  ^^^^^^^^^^^^
...
791 |     pub async fn speak_with_timestamps(
    |                  ^^^^^^^^^^^^^^^^^^^^^
...
913 |     pub async fn play_audio(&self, prepared: &PreparedTtsWithTimings) -> Result<(), String> {
    |                  ^^^^^^^^^^

warning: `tauri-pdf-reader` (lib) generated 2 warnings
    Finished `dev` profile [unoptimized + debuginfo] target(s) in 41m 44s
Xvfb ready on DISPLAY=:0

> lectrice@0.2.0 test:e2e /home/notroot/Documents/Code/personal/tauri-pdf-reader-282-vector-finishing
> wdio run wdio.conf.mjs


Execution of 1 workers started at 2026-09-21T17:13:33.391Z

[0-0] RUNNING in undefined - file:///e2e/native-play.e2e.mjs
GStreamer element appsink not found. Please install it.
[0-0] PASSED in undefined - file:///e2e/native-play.e2e.mjs

 "spec" Reporter:
------------------------------------------------------------------
[wry 0.53.5 linux #0-0] Running: wry (v0.53.5) on linux
[wry 0.53.5 linux #0-0] Session ID: 4c7e8b06-8262-4af7-b217-a9c30516ae3f
[wry 0.53.5 linux #0-0]
[wry 0.53.5 linux #0-0] » e2e/native-play.e2e.mjs
[wry 0.53.5 linux #0-0] Native play path (real play button → real TTS wire → karaoke advance)
[wry 0.53.5 linux #0-0]    ✓ clicks the REAL play button and the karaoke index advances off real backend marks
[wry 0.53.5 linux #0-0]
[wry 0.53.5 linux #0-0] 1 passing (1.8s)


Spec Files:	 1 passed, 1 total (100% completed) in 00:00:08  


NATIVE_EXIT=0
