warning: Git tree '/home/notroot/Documents/Code/personal/tauri-pdf-reader-182-gpu-performance' is dirty
   Compiling proc-macro2 v1.0.105
   Compiling quote v1.0.43
   Compiling unicode-ident v1.0.22
   Compiling libc v0.2.180
   Compiling serde v1.0.228
   Compiling serde_core v1.0.228
   Compiling cfg-if v1.0.4
   Compiling smallvec v1.15.1
   Compiling equivalent v1.0.2
   Compiling hashbrown v0.16.1
   Compiling pkg-config v0.3.32
   Compiling memchr v2.7.6
   Compiling heck v0.5.0
   Compiling winnow v0.5.40
   Compiling target-lexicon v0.12.16
   Compiling version-compare v0.2.1
   Compiling itoa v1.0.17
   Compiling zerocopy v0.8.33
   Compiling pin-project-lite v0.2.16
   Compiling litemap v0.8.1
   Compiling syn v1.0.109
   Compiling writeable v0.6.2
   Compiling futures-core v0.3.31
   Compiling autocfg v1.5.0
   Compiling version_check v0.9.5
   Compiling once_cell v1.21.3
   Compiling bytes v1.11.0
   Compiling thiserror v1.0.69
   Compiling icu_properties_data v2.1.2
   Compiling icu_normalizer_data v2.1.1
   Compiling stable_deref_trait v1.2.1
   Compiling percent-encoding v2.3.2
   Compiling zmij v1.0.13
   Compiling scopeguard v1.2.0
   Compiling parking_lot_core v0.9.12
   Compiling form_urlencoded v1.2.2
   Compiling lock_api v0.4.14
   Compiling utf8_iter v1.0.4
   Compiling pin-utils v0.1.0
   Compiling shlex v1.3.0
   Compiling find-msvc-tools v0.1.7
   Compiling slab v0.4.11
   Compiling indexmap v2.13.0
   Compiling futures-io v0.3.31
   Compiling futures-task v0.3.31
   Compiling siphasher v1.0.1
   Compiling cc v1.2.52
   Compiling thiserror v2.0.17
   Compiling regex-syntax v0.8.8
   Compiling bitflags v1.3.2
   Compiling getrandom v0.3.4
   Compiling futures-sink v0.3.31
   Compiling byteorder v1.5.0
   Compiling log v0.4.29
   Compiling phf_shared v0.11.3
   Compiling fnv v1.0.7
   Compiling siphasher v0.3.11
   Compiling futures-channel v0.3.31
   Compiling getrandom v0.1.16
   Compiling http v1.4.0
   Compiling glob v0.3.3
   Compiling serde_json v1.0.149
   Compiling strsim v0.11.1
   Compiling typeid v1.0.3
   Compiling ident_case v1.0.1
   Compiling winnow v0.7.14
   Compiling erased-serde v0.4.9
   Compiling toml_writer v1.0.6+spec-1.1.0
   Compiling cfg-expr v0.15.8
   Compiling phf_shared v0.8.0
   Compiling aho-corasick v1.1.4
   Compiling unic-char-range v0.9.0
   Compiling proc-macro-hack v0.5.20+deprecated
   Compiling unic-common v0.9.0
   Compiling unic-char-property v0.9.0
   Compiling phf_shared v0.10.0
   Compiling alloc-no-stdlib v2.0.4
   Compiling syn v2.0.114
   Compiling unic-ucd-version v0.9.0
   Compiling new_debug_unreachable v1.0.6
   Compiling alloc-stdlib v0.2.2
   Compiling proc-macro-error-attr v1.0.4
   Compiling unic-ucd-ident v0.9.0
   Compiling precomputed-hash v0.1.1
   Compiling anyhow v1.0.100
   Compiling mac v0.1.1
   Compiling brotli-decompressor v5.0.0
   Compiling futf v0.1.5
   Compiling proc-macro-error v1.0.4
   Compiling dunce v1.0.5
   Compiling dtoa v1.0.11
   Compiling utf-8 v0.7.6
   Compiling same-file v1.0.6
   Compiling getrandom v0.2.17
   Compiling tendril v0.4.3
   Compiling walkdir v2.5.0
   Compiling rand_core v0.6.4
   Compiling rand_core v0.5.1
   Compiling parking_lot v0.12.5
   Compiling dtoa-short v0.3.5
   Compiling indexmap v1.9.3
   Compiling nodrop v0.1.14
   Compiling rand_pcg v0.2.1
   Compiling matches v0.1.10
   Compiling camino v1.2.2
   Compiling convert_case v0.4.0
   Compiling servo_arc v0.2.0
   Compiling socket2 v0.6.1
   Compiling mio v1.1.1
   Compiling phf v0.8.0
   Compiling fxhash v0.2.1
   Compiling schemars v0.8.22
   Compiling hashbrown v0.12.3
   Compiling heck v0.4.1
   Compiling dyn-clone v1.0.20
   Compiling brotli v8.0.2
   Compiling typenum v1.19.0
   Compiling crossbeam-utils v0.8.21
   Compiling generic-array v0.14.7
   Compiling ppv-lite86 v0.2.21
   Compiling gio v0.18.4
   Compiling time-core v0.1.6
   Compiling powerfmt v0.2.0
   Compiling option-ext v0.2.0
   Compiling toml_parser v1.0.6+spec-1.1.0
   Compiling num-conv v0.1.0
   Compiling dirs-sys v0.5.0
   Compiling regex-automata v0.4.13
   Compiling num-traits v0.2.19
   Compiling deranged v0.5.5
   Compiling base64 v0.22.1
   Compiling vcpkg v0.2.15
   Compiling time-macros v0.2.24
   Compiling rand_chacha v0.3.1
   Compiling rand_chacha v0.2.2
   Compiling dirs v6.0.0
   Compiling memoffset v0.9.1
   Compiling cpufeatures v0.2.17
   Compiling lazy_static v1.5.0
   Compiling adler2 v2.0.1
   Compiling rand v0.7.3
   Compiling rand v0.8.5
   Compiling crc32fast v1.5.0
   Compiling semver v1.0.27
   Compiling toml_datetime v0.7.5+spec-1.1.0
   Compiling serde_spanned v1.0.4
   Compiling uuid v1.19.0
   Compiling bitflags v2.10.0
   Compiling rustc_version v0.4.1
   Compiling toml v0.9.11+spec-1.1.0
   Compiling cfb v0.7.3
   Compiling gtk v0.18.2
   Compiling field-offset v0.3.6
   Compiling phf_generator v0.11.3
   Compiling phf_generator v0.10.0
   Compiling x11 v2.21.0
   Compiling phf_generator v0.8.0
   Compiling string_cache_codegen v0.5.4
   Compiling phf_codegen v0.11.3
   Compiling serde-untagged v0.1.9
   Compiling phf_codegen v0.8.0
   Compiling simd-adler32 v0.3.8
   Compiling selectors v0.24.0
   Compiling x11-dl v2.21.0
   Compiling infer v0.19.0
   Compiling miniz_oxide v0.8.9
   Compiling cookie v0.18.1
   Compiling block-buffer v0.10.4
   Compiling crypto-common v0.1.7
   Compiling digest v0.10.7
   Compiling dasp_sample v0.11.0
   Compiling markup5ever v0.14.1
   Compiling embed-resource v3.0.6
   Compiling sha2 v0.10.9
   Compiling time v0.3.44
   Compiling raw-window-handle v0.6.2
   Compiling paste v1.0.15
   Compiling fdeflate v0.3.7
   Compiling tauri-winres v0.3.5
   Compiling flate2 v1.1.5
   Compiling iana-time-zone v0.1.64
   Compiling Inflector v0.11.4
   Compiling regex v1.12.2
   Compiling crossbeam-channel v0.5.15
   Compiling openssl-src v300.5.4+3.5.4
   Compiling tracing-core v0.1.36
   Compiling tauri-runtime v2.9.2
   Compiling png v0.17.16
   Compiling allocator-api2 v0.2.21
   Compiling wry v0.53.5
   Compiling foldhash v0.1.5
   Compiling openssl-sys v0.9.111
   Compiling concurrent-queue v2.5.0
   Compiling tauri-runtime-wry v2.9.3
   Compiling crc-catalog v2.4.0
   Compiling unicode-segmentation v1.12.0
   Compiling ryu v1.0.22
   Compiling synstructure v0.13.2
   Compiling darling_core v0.21.3
   Compiling serde_derive_internals v0.29.1
   Compiling parking v2.2.1
   Compiling hashbrown v0.15.5
   Compiling crc v3.4.0
   Compiling dasp_frame v0.11.0
   Compiling event-listener v5.4.1
   Compiling crossbeam-queue v0.3.12
   Compiling libsqlite3-sys v0.30.1
   Compiling spin v0.9.8
   Compiling futures-util v0.3.31
   Compiling tokio v1.49.0
   Compiling clang-sys v1.8.1
   Compiling ico v0.4.0
   Compiling http-range v0.1.5
   Compiling prettyplease v0.2.37
   Compiling mime v0.3.17
   Compiling hashlink v0.10.0
   Compiling atoi v2.0.0
   Compiling futures-intrusive v0.5.0
   Compiling http-body v1.0.1
   Compiling foreign-types-shared v0.1.1
   Compiling dasp_ring_buffer v0.11.0
   Compiling openssl v0.10.75
   Compiling httparse v1.10.1
   Compiling minimal-lexical v0.2.1
   Compiling foreign-types v0.3.2
   Compiling flume v0.11.1
   Compiling errno v0.3.14
   Compiling alsa-sys v0.3.1
   Compiling encoding_rs v0.8.35
   Compiling libloading v0.8.9
   Compiling nom v7.1.3
   Compiling bindgen v0.70.1
   Compiling tower-service v0.3.3
   Compiling try-lock v0.2.5
   Compiling arrayvec v0.7.6
   Compiling signal-hook v0.3.18
   Compiling native-tls v0.2.14
   Compiling bytemuck v1.24.0
   Compiling want v0.3.1
   Compiling symphonia-core v0.5.5
   Compiling dasp_rms v0.11.0
   Compiling signal-hook-registry v1.4.8
   Compiling dasp_peak v0.11.0
   Compiling rustc-hash v1.1.0
   Compiling hex v0.4.3
   Compiling atomic-waker v1.1.2
   Compiling dotenvy v0.15.7
   Compiling phf_macros v0.10.0
   Compiling cssparser v0.29.6
   Compiling openssl-probe v0.1.6
   Compiling dasp_envelope v0.11.0
   Compiling dasp_interpolate v0.11.0
   Compiling dasp_window v0.11.1
   Compiling os_pipe v1.2.3
   Compiling is-docker v0.2.0
   Compiling sync_wrapper v1.0.2
   Compiling ipnet v2.11.0
   Compiling tower-layer v0.3.3
   Compiling serde_derive v1.0.228
   Compiling zerofrom-derive v0.1.6
   Compiling yoke-derive v0.8.1
   Compiling zerovec-derive v0.11.2
   Compiling displaydoc v0.2.5
   Compiling thiserror-impl v1.0.69
   Compiling thiserror-impl v2.0.17
   Compiling futures-macro v0.3.31
   Compiling phf_macros v0.11.3
   Compiling ctor v0.2.9
   Compiling phf v0.10.1
   Compiling cssparser-macros v0.6.1
   Compiling match_token v0.1.0
   Compiling derive_more v0.99.20
   Compiling schemars_derive v0.8.22
   Compiling tokio-macros v2.6.0
   Compiling darling_macro v0.21.3
   Compiling tracing-attributes v0.1.31
   Compiling specta-macros v2.0.0-rc.17
   Compiling phf v0.11.3
   Compiling dlopen2_derive v0.4.3
   Compiling serialize-to-javascript-impl v0.1.2
   Compiling serde_repr v0.1.20
   Compiling futures-executor v0.3.31
   Compiling openssl-macros v0.1.1
   Compiling zerofrom v0.1.6
   Compiling cexpr v0.6.0
   Compiling yoke v0.8.1
   Compiling darling v0.21.3
   Compiling symphonia-metadata v0.5.5
   Compiling zerovec v0.11.5
   Compiling zerotrie v0.2.3
   Compiling serde_with_macros v3.16.1
   Compiling cpal v0.15.3
   Compiling rfd v0.16.0
   Compiling tinyvec_macros v0.1.1
   Compiling tokio-stream v0.1.18
   Compiling symphonia-bundle-mp3 v0.5.5
   Compiling tinyvec v1.10.0
   Compiling tinystr v0.8.2
   Compiling potential_utf v0.1.4
   Compiling dlopen2 v0.8.2
   Compiling icu_collections v2.1.1
   Compiling icu_locale_core v2.1.1
   Compiling alsa v0.9.1
   Compiling sigchld v0.2.4
   Compiling is-wsl v0.4.0
   Compiling dasp_signal v0.11.0
   Compiling tracing v0.1.44
   Compiling http-body-util v0.1.3
   Compiling dasp_slice v0.11.0
   Compiling ogg v0.8.0
   Compiling iri-string v0.7.10
   Compiling zeroize v1.8.2
   Compiling pathdiff v0.2.3
   Compiling symphonia v0.5.5
   Compiling open v5.3.3
   Compiling shared_child v1.1.1
   Compiling rustls-pki-types v1.13.2
   Compiling lewton v0.10.2
   Compiling matchers v0.2.0
   Compiling dasp v0.11.0
   Compiling tracing-log v0.2.0
   Compiling serde_with v3.16.1
   Compiling sharded-slab v0.1.7
   Compiling thread_local v1.1.9
   Compiling nu-ansi-term v0.50.3
   Compiling icu_provider v2.1.1
   Compiling claxon v0.4.3
   Compiling hound v3.5.1
   Compiling id3 v1.16.4
   Compiling async-trait v0.1.89
   Compiling serde_ignored v0.1.14
   Compiling icu_properties v2.1.2
   Compiling icu_normalizer v2.1.1
   Compiling tracing-subscriber v0.3.22
   Compiling toml_datetime v0.6.3
   Compiling serde_spanned v0.6.9
   Compiling string_cache v0.8.9
   Compiling jsonptr v0.6.3
   Compiling cargo-platform v0.1.9
   Compiling cargo_toml v0.22.3
   Compiling toml_edit v0.20.2
   Compiling toml_edit v0.19.15
   Compiling dpi v0.1.2
   Compiling cargo_metadata v0.19.2
   Compiling json-patch v3.0.1
   Compiling either v1.15.0
   Compiling chrono v0.4.42
   Compiling keyboard-types v0.7.0
   Compiling serialize-to-javascript v0.1.2
   Compiling idna_adapter v1.2.1
   Compiling serde_urlencoded v0.7.1
   Compiling idna v1.1.0
   Compiling itertools v0.13.0
   Compiling html5ever v0.29.1
   Compiling url v2.5.8
   Compiling bincode v1.3.3
   Compiling futures v0.3.31
   Compiling rodio v0.20.1
   Compiling urlpattern v0.3.0
   Compiling sqlx-core v0.8.6
   Compiling kuchikiki v0.8.8-speedreader
   Compiling specta v2.0.0-rc.20
   Compiling proc-macro-crate v1.3.1
   Compiling toml v0.8.2
   Compiling proc-macro-crate v2.0.2
   Compiling tauri-utils v2.8.1
   Compiling gtk3-macros v0.18.2
   Compiling hyper v1.8.1
   Compiling specta-serde v0.0.7
   Compiling tower v0.5.2
   Compiling specta-typescript v0.0.7
   Compiling system-deps v6.2.2
   Compiling tokio-util v0.7.18
   Compiling tower-http v0.6.8
   Compiling hyper-util v0.1.19
   Compiling glib-sys v0.18.1
   Compiling gobject-sys v0.18.0
   Compiling gio-sys v0.18.1
   Compiling gdk-sys v0.18.2
   Compiling gdk-pixbuf-sys v0.18.0
   Compiling pango-sys v0.18.0
   Compiling cairo-sys-rs v0.18.2
   Compiling atk-sys v0.18.2
   Compiling glib-macros v0.18.5
   Compiling gtk-sys v0.18.2
   Compiling soup3-sys v0.5.0
   Compiling javascriptcore-rs-sys v1.1.1
   Compiling webkit2gtk-sys v2.0.1
   Compiling gdkx11-sys v0.18.2
   Compiling sqlx-sqlite v0.8.6
   Compiling gdkwayland-sys v0.18.2
   Compiling sqlx-macros-core v0.8.6
   Compiling glib v0.18.5
   Compiling signalsmith-stretch v0.1.3
   Compiling sqlx-macros v0.8.6
   Compiling sqlx v0.8.6
   Compiling tauri-build v2.5.3
   Compiling tauri-plugin v2.5.2
   Compiling tauri-codegen v2.5.2
   Compiling tauri v2.9.5
   Compiling tauri-macros v2.5.2
   Compiling tauri-plugin-fs v2.4.5
   Compiling tauri-plugin-shell v2.3.4
   Compiling tauri-plugin-dialog v2.5.0
   Compiling tauri-plugin-sql v2.3.1
   Compiling tauri-pdf-reader v0.2.0 (/home/notroot/Documents/Code/personal/tauri-pdf-reader-182-gpu-performance/src-tauri)
   Compiling cairo-rs v0.18.5
   Compiling atk v0.18.2
   Compiling javascriptcore-rs v1.1.2
   Compiling tokio-native-tls v0.3.1
   Compiling hyper-tls v0.6.0
   Compiling reqwest v0.12.28
   Compiling gdk-pixbuf v0.18.5
   Compiling pango v0.18.3
   Compiling soup3 v0.5.0
   Compiling gdk v0.18.2
   Compiling gdkx11 v0.18.2
   Compiling webkit2gtk v2.0.1
   Compiling tao v0.34.5
   Compiling muda v0.17.1
   Compiling tauri-specta v2.0.0-rc.20
   Compiling tauri-plugin-persisted-scope v2.3.5
    Finished `dev` profile [unoptimized + debuginfo] target(s) in 3m 11s

> lectrice@0.2.0 test:e2e /home/notroot/Documents/Code/personal/tauri-pdf-reader-182-gpu-performance
> wdio run wdio.conf.mjs


Execution of 1 workers started at 2026-08-28T16:50:10.487Z

[0-0] RUNNING in undefined - file:///e2e/local-tts.e2e.mjs
GStreamer element appsink not found. Please install it.
[0-0] PASSED in undefined - file:///e2e/local-tts.e2e.mjs

 "spec" Reporter:
------------------------------------------------------------------
[wry 0.53.5 linux #0-0] Running: wry (v0.53.5) on linux
[wry 0.53.5 linux #0-0] Session ID: a7dce5e9-9606-4d9c-bb4b-bcf6cdd3800c
[wry 0.53.5 linux #0-0]
[wry 0.53.5 linux #0-0] » e2e/local-tts.e2e.mjs
[wry 0.53.5 linux #0-0] Local TTS (native config → Rust HTTP → WAV playback)
[wry 0.53.5 linux #0-0]    ✓ plays through local sentence audio with an estimated read-along
[wry 0.53.5 linux #0-0]
[wry 0.53.5 linux #0-0] 1 passing (2.3s)


Spec Files:	 1 passed, 1 total (100% completed) in 00:00:04
