   Compiling tauri-pdf-reader v0.2.0 (/home/notroot/Documents/Code/personal/tauri-pdf-reader-182-gpu-performance/src-tauri)
    Finished `dev` profile [unoptimized + debuginfo] target(s) in 34.73s

> lectrice@0.2.0 test:e2e /home/notroot/Documents/Code/personal/tauri-pdf-reader-182-gpu-performance
> wdio run wdio.conf.mjs


Execution of 1 workers started at 2026-08-28T16:56:16.829Z

[0-0] RUNNING in undefined - file:///e2e/magpie-real-page.e2e.mjs
GStreamer element appsink not found. Please install it.
[0-0] Error in "Magpie real-model page queue.narrates bounded units on Vulkan and advances exactly once"
Error: element (".performance-measurement") still not displayed after 10000ms
    at async Context.<anonymous> (file:///home/notroot/Documents/Code/personal/tauri-pdf-reader-182-gpu-performance/e2e/magpie-real-page.e2e.mjs:112:5)
[0-0] FAILED in undefined - file:///e2e/magpie-real-page.e2e.mjs

 "spec" Reporter:
------------------------------------------------------------------
[wry 0.53.5 linux #0-0] Running: wry (v0.53.5) on linux
[wry 0.53.5 linux #0-0] Session ID: 7abe4765-202c-41c5-8881-5b0c338b77ad
[wry 0.53.5 linux #0-0]
[wry 0.53.5 linux #0-0] » e2e/magpie-real-page.e2e.mjs
[wry 0.53.5 linux #0-0] Magpie real-model page queue
[wry 0.53.5 linux #0-0]    ✖ narrates bounded units on Vulkan and advances exactly once
[wry 0.53.5 linux #0-0]
[wry 0.53.5 linux #0-0] 1 failing (20.1s)
[wry 0.53.5 linux #0-0]
[wry 0.53.5 linux #0-0] 1) Magpie real-model page queue narrates bounded units on Vulkan and advances exactly once
[wry 0.53.5 linux #0-0] element (".performance-measurement") still not displayed after 10000ms
[wry 0.53.5 linux #0-0] Error: element (".performance-measurement") still not displayed after 10000ms
[wry 0.53.5 linux #0-0]     at async Context.<anonymous> (file:///home/notroot/Documents/Code/personal/tauri-pdf-reader-182-gpu-performance/e2e/magpie-real-page.e2e.mjs:112:5)


Spec Files:	 0 passed, 1 failed, 1 total (100% completed) in 00:00:22

 ELIFECYCLE  Command failed with exit code 1.
